../Core/Src/main.c:209:13:build_colors_from_universe	3
../Core/Src/main.c:225:13:build_pin_colors	2
../Core/Src/main.c:251:5:main	10
../Core/Src/main.c:461:6:SystemClock_Config	3
../Core/Src/main.c:507:13:MX_TIM1_Init	7
../Core/Src/main.c:582:13:MX_TIM2_Init	6
../Core/Src/main.c:641:13:MX_TIM3_Init	7
../Core/Src/main.c:702:13:MX_TIM4_Init	7
../Core/Src/main.c:763:13:MX_TIM5_Init	7
../Core/Src/main.c:826:13:MX_USART3_UART_Init	2
../Core/Src/main.c:859:13:MX_USB_OTG_FS_PCD_Init	2
../Core/Src/main.c:892:13:MX_DMA_Init	1
../Core/Src/main.c:941:13:MX_GPIO_Init	1
../Core/Src/main.c:1026:6:HAL_TIM_PWM_PulseFinishedCallback	9
../Core/Src/main.c:1047:6:Error_Handler	1
