../Core/Src/main.c:114:13:build_colors_from_universe	3
../Core/Src/main.c:136:5:main	9
../Core/Src/main.c:263:6:SystemClock_Config	3
../Core/Src/main.c:309:13:MX_TIM3_Init	4
../Core/Src/main.c:358:13:MX_TIM4_Init	4
../Core/Src/main.c:407:13:MX_TIM6_Init	3
../Core/Src/main.c:445:13:MX_USART3_UART_Init	2
../Core/Src/main.c:478:13:MX_USB_OTG_FS_PCD_Init	2
../Core/Src/main.c:511:13:MX_DMA_Init	1
../Core/Src/main.c:532:13:MX_GPIO_Init	1
../Core/Src/main.c:586:6:HAL_TIM_PWM_PulseFinishedCallback	3
../Core/Src/main.c:603:6:Error_Handler	1
