../Core/Src/main.c:84:5:main	32	static
../Core/Src/main.c:351:6:SystemClock_Config	88	static
../Core/Src/main.c:397:13:MX_TIM3_Init	48	static
../Core/Src/main.c:446:13:MX_TIM6_Init	16	static
../Core/Src/main.c:484:13:MX_USART3_UART_Init	8	static
../Core/Src/main.c:517:13:MX_USB_OTG_FS_PCD_Init	8	static
../Core/Src/main.c:550:13:MX_DMA_Init	16	static
../Core/Src/main.c:568:13:MX_GPIO_Init	56	static
../Core/Src/main.c:622:6:HAL_TIM_PWM_PulseFinishedCallback	16	static
../Core/Src/main.c:636:6:Error_Handler	4	static,ignoring_inline_asm
