../Core/Src/main.c:236:13:build_colors_from_universe	32	static
../Core/Src/main.c:253:13:build_pin_colors	24	static
../Core/Src/main.c:265:13:init_leds_reset_slots	16	static
../Core/Src/main.c:286:5:main	16	static
../Core/Src/main.c:522:6:SystemClock_Config	88	static
../Core/Src/main.c:568:13:MX_TIM1_Init	96	static
../Core/Src/main.c:643:13:MX_TIM2_Init	64	static
../Core/Src/main.c:702:13:MX_TIM3_Init	48	static
../Core/Src/main.c:763:13:MX_TIM4_Init	48	static
../Core/Src/main.c:824:13:MX_TIM5_Init	64	static
../Core/Src/main.c:887:13:MX_USART3_UART_Init	8	static
../Core/Src/main.c:920:13:MX_USB_OTG_FS_PCD_Init	8	static
../Core/Src/main.c:953:13:MX_DMA_Init	16	static
../Core/Src/main.c:1002:13:MX_GPIO_Init	56	static
../Core/Src/main.c:1087:6:HAL_TIM_PWM_PulseFinishedCallback	24	static
../Core/Src/main.c:1108:6:Error_Handler	4	static,ignoring_inline_asm
